// Jest Snapshot v1, https://goo.gl/fbAQLP

exports[`<TextComponent /> should render with default values 1`] = `undefined`;
